16:46:59 **** Build of configuration Debug for project 09_adc_degerokuma_kesmeile ****
make -j12 all 
arm-none-eabi-gcc "../Core/Src/main.c" -mcpu=cortex-m4 -std=gnu11 -g3 -DDEBUG -DUSE_HAL_DRIVER -DSTM32F407xx -c -I../Core/Inc -I../Drivers/STM32F4xx_HAL_Driver/Inc -I../Drivers/STM32F4xx_HAL_Driver/Inc/Legacy -I../Drivers/CMSIS/Device/ST/STM32F4xx/Include -I../Drivers/CMSIS/Include -O0 -ffunction-sections -fdata-sections -Wall -fstack-usage -fcyclomatic-complexity -MMD -MP -MF"Core/Src/main.d" -MT"Core/Src/main.o" --specs=nano.specs -mfpu=fpv4-sp-d16 -mfloat-abi=hard -mthumb -o "Core/Src/main.o"
arm-none-eabi-gcc -o "09_adc_degerokuma_kesmeile.elf" @"objects.list"   -mcpu=cortex-m4 -T"C:\Users\veyre\STM32CubeIDE\workspace_1.15.1\09_adc_degerokuma_kesmeile\STM32F407VGTX_FLASH.ld" --specs=nosys.specs -Wl,-Map="09_adc_degerokuma_kesmeile.map" -Wl,--gc-sections -static --specs=nano.specs -mfpu=fpv4-sp-d16 -mfloat-abi=hard -mthumb -Wl,--start-group -lc -lm -Wl,--end-group
Finished building target: 09_adc_degerokuma_kesmeile.elf
 
arm-none-eabi-size  09_adc_degerokuma_kesmeile.elf 
arm-none-eabi-objdump -h -S 09_adc_degerokuma_kesmeile.elf  > "09_adc_degerokuma_kesmeile.list"
   text	   data	    bss	    dec	    hex	filename
   8504	     12	   1644	  10160	   27b0	09_adc_degerokuma_kesmeile.elf
Finished building: default.size.stdout
 
Finished building: 09_adc_degerokuma_kesmeile.list
 

16:47:00 Build Finished. 0 errors, 0 warnings. (took 1s.357ms)

