20:12:33 **** Incremental Build of configuration Debug for project 22_i2c_ds3231 ****
make -j12 all 
arm-none-eabi-gcc "../Core/Src/main.c" -mcpu=cortex-m4 -std=gnu11 -g3 -DDEBUG -DUSE_HAL_DRIVER -DSTM32F407xx -c -I../Core/Inc -I../Drivers/STM32F4xx_HAL_Driver/Inc -I../Drivers/STM32F4xx_HAL_Driver/Inc/Legacy -I../Drivers/CMSIS/Device/ST/STM32F4xx/Include -I../Drivers/CMSIS/Include -O0 -ffunction-sections -fdata-sections -Wall -fstack-usage -fcyclomatic-complexity -MMD -MP -MF"Core/Src/main.d" -MT"Core/Src/main.o" --specs=nano.specs -mfpu=fpv4-sp-d16 -mfloat-abi=hard -mthumb -o "Core/Src/main.o"
arm-none-eabi-gcc -o "22_i2c_ds3231.elf" @"objects.list"   -mcpu=cortex-m4 -T"C:\Users\veyre\STM32CubeIDE\workspace_1.15.1\22_i2c_ds3231\STM32F407VGTX_FLASH.ld" --specs=nosys.specs -Wl,-Map="22_i2c_ds3231.map" -Wl,--gc-sections -static --specs=nano.specs -mfpu=fpv4-sp-d16 -mfloat-abi=hard -mthumb -Wl,--start-group -lc -lm -Wl,--end-group
Finished building target: 22_i2c_ds3231.elf
 
arm-none-eabi-size  22_i2c_ds3231.elf 
arm-none-eabi-objdump -h -S 22_i2c_ds3231.elf  > "22_i2c_ds3231.list"
   text	   data	    bss	    dec	    hex	filename
  10632	     12	   1660	  12304	   3010	22_i2c_ds3231.elf
Finished building: default.size.stdout
 
Finished building: 22_i2c_ds3231.list
 

20:12:34 Build Finished. 0 errors, 0 warnings. (took 651ms)

