19:32:56 **** Incremental Build of configuration Debug for project 24_flash_islemleri ****
make -j12 all 
arm-none-eabi-gcc -o "24_flash_islemleri.elf" @"objects.list"   -mcpu=cortex-m4 -T"C:\Users\veyre\STM32CubeIDE\workspace_1.15.1\24_flash_islemleri\STM32F407VGTX_FLASH.ld" --specs=nosys.specs -Wl,-Map="24_flash_islemleri.map" -Wl,--gc-sections -static --specs=nano.specs -mfpu=fpv4-sp-d16 -mfloat-abi=hard -mthumb -Wl,--start-group -lc -lm -Wl,--end-group
Finished building target: 24_flash_islemleri.elf
 
arm-none-eabi-size  24_flash_islemleri.elf 
arm-none-eabi-objdump -h -S 24_flash_islemleri.elf  > "24_flash_islemleri.list"
   text	   data	    bss	    dec	    hex	filename
   5800	     44	   1572	   7416	   1cf8	24_flash_islemleri.elf
Finished building: default.size.stdout
 
Finished building: 24_flash_islemleri.list
 

19:32:56 Build Finished. 0 errors, 0 warnings. (took 452ms)

