16:44:22 **** Incremental Build of configuration Debug for project 23_SPI_LIS302DL ****
make -j12 all 
arm-none-eabi-gcc "../Core/Src/main.c" -mcpu=cortex-m4 -std=gnu11 -g3 -DDEBUG -DUSE_HAL_DRIVER -DSTM32F407xx -c -I../Core/Inc -I../Drivers/STM32F4xx_HAL_Driver/Inc -I../Drivers/STM32F4xx_HAL_Driver/Inc/Legacy -I../Drivers/CMSIS/Device/ST/STM32F4xx/Include -I../Drivers/CMSIS/Include -O0 -ffunction-sections -fdata-sections -Wall -fstack-usage -fcyclomatic-complexity -MMD -MP -MF"Core/Src/main.d" -MT"Core/Src/main.o" --specs=nano.specs -mfpu=fpv4-sp-d16 -mfloat-abi=hard -mthumb -o "Core/Src/main.o"
../Core/Src/main.c:64:1: warning: return type defaults to 'int' [-Wimplicit-int]
   64 | SPI_Write_MEMS(uint8_t address,uint8_t data){
      | ^~~~~~~~~~~~~~
../Core/Src/main.c: In function 'main':
../Core/Src/main.c:131:11: warning: variable 'ctrlReg4' set but not used [-Wunused-but-set-variable]
  131 |   uint8_t ctrlReg4;
      |           ^~~~~~~~
../Core/Src/main.c: In function 'SPI_Write_MEMS':
../Core/Src/main.c:75:1: warning: control reaches end of non-void function [-Wreturn-type]
   75 | }
      | ^
arm-none-eabi-gcc -o "23_SPI_LIS302DL.elf" @"objects.list"   -mcpu=cortex-m4 -T"C:\Users\veyre\STM32CubeIDE\workspace_1.15.1\23_SPI_LIS302DL\STM32F407VGTX_FLASH.ld" --specs=nosys.specs -Wl,-Map="23_SPI_LIS302DL.map" -Wl,--gc-sections -static --specs=nano.specs -mfpu=fpv4-sp-d16 -mfloat-abi=hard -mthumb -Wl,--start-group -lc -lm -Wl,--end-group
Finished building target: 23_SPI_LIS302DL.elf
 
arm-none-eabi-size  23_SPI_LIS302DL.elf 
arm-none-eabi-objdump -h -S 23_SPI_LIS302DL.elf  > "23_SPI_LIS302DL.list"
   text	   data	    bss	    dec	    hex	filename
   9200	     12	   1660	  10872	   2a78	23_SPI_LIS302DL.elf
Finished building: default.size.stdout
 
Finished building: 23_SPI_LIS302DL.list
 
16:44:48 **** Incremental Build of configuration Debug for project 23_SPI_LIS302DL ****
make -j12 all 
arm-none-eabi-gcc "../Core/Src/main.c" -mcpu=cortex-m4 -std=gnu11 -g3 -DDEBUG -DUSE_HAL_DRIVER -DSTM32F407xx -c -I../Core/Inc -I../Drivers/STM32F4xx_HAL_Driver/Inc -I../Drivers/STM32F4xx_HAL_Driver/Inc/Legacy -I../Drivers/CMSIS/Device/ST/STM32F4xx/Include -I../Drivers/CMSIS/Include -O0 -ffunction-sections -fdata-sections -Wall -fstack-usage -fcyclomatic-complexity -MMD -MP -MF"Core/Src/main.d" -MT"Core/Src/main.o" --specs=nano.specs -mfpu=fpv4-sp-d16 -mfloat-abi=hard -mthumb -o "Core/Src/main.o"
../Core/Src/main.c:64:1: warning: return type defaults to 'int' [-Wimplicit-int]
   64 | SPI_Write_MEMS(uint8_t address, uint8_t data) {
      | ^~~~~~~~~~~~~~
../Core/Src/main.c: In function 'main':
../Core/Src/main.c:129:17: warning: variable 'ctrlReg4' set but not used [-Wunused-but-set-variable]
  129 |         uint8_t ctrlReg4;
      |                 ^~~~~~~~
../Core/Src/main.c: In function 'SPI_Write_MEMS':
../Core/Src/main.c:75:1: warning: control reaches end of non-void function [-Wreturn-type]
   75 | }
      | ^
arm-none-eabi-gcc -o "23_SPI_LIS302DL.elf" @"objects.list"   -mcpu=cortex-m4 -T"C:\Users\veyre\STM32CubeIDE\workspace_1.15.1\23_SPI_LIS302DL\STM32F407VGTX_FLASH.ld" --specs=nosys.specs -Wl,-Map="23_SPI_LIS302DL.map" -Wl,--gc-sections -static --specs=nano.specs -mfpu=fpv4-sp-d16 -mfloat-abi=hard -mthumb -Wl,--start-group -lc -lm -Wl,--end-group
Finished building target: 23_SPI_LIS302DL.elf
 
arm-none-eabi-size  23_SPI_LIS302DL.elf 
arm-none-eabi-objdump -h -S 23_SPI_LIS302DL.elf  > "23_SPI_LIS302DL.list"
   text	   data	    bss	    dec	    hex	filename
   9200	     12	   1660	  10872	   2a78	23_SPI_LIS302DL.elf
Finished building: default.size.stdout
 
Finished building: 23_SPI_LIS302DL.list
 
16:56:24 **** Incremental Build of configuration Debug for project 23_SPI_LIS302DL ****
make -j12 all 
arm-none-eabi-gcc "../Core/Src/main.c" -mcpu=cortex-m4 -std=gnu11 -g3 -DDEBUG -DUSE_HAL_DRIVER -DSTM32F407xx -c -I../Core/Inc -I../Drivers/STM32F4xx_HAL_Driver/Inc -I../Drivers/STM32F4xx_HAL_Driver/Inc/Legacy -I../Drivers/CMSIS/Device/ST/STM32F4xx/Include -I../Drivers/CMSIS/Include -O0 -ffunction-sections -fdata-sections -Wall -fstack-usage -fcyclomatic-complexity -MMD -MP -MF"Core/Src/main.d" -MT"Core/Src/main.o" --specs=nano.specs -mfpu=fpv4-sp-d16 -mfloat-abi=hard -mthumb -o "Core/Src/main.o"
../Core/Src/main.c:66:1: warning: return type defaults to 'int' [-Wimplicit-int]
   66 | SPI_Write_MEMS(uint8_t address, uint8_t data) {
      | ^~~~~~~~~~~~~~
../Core/Src/main.c: In function 'main':
../Core/Src/main.c:131:17: warning: variable 'ctrlReg4' set but not used [-Wunused-but-set-variable]
  131 |         uint8_t ctrlReg4;
      |                 ^~~~~~~~
../Core/Src/main.c: In function 'SPI_Write_MEMS':
../Core/Src/main.c:77:1: warning: control reaches end of non-void function [-Wreturn-type]
   77 | }
      | ^
arm-none-eabi-gcc -o "23_SPI_LIS302DL.elf" @"objects.list"   -mcpu=cortex-m4 -T"C:\Users\veyre\STM32CubeIDE\workspace_1.15.1\23_SPI_LIS302DL\STM32F407VGTX_FLASH.ld" --specs=nosys.specs -Wl,-Map="23_SPI_LIS302DL.map" -Wl,--gc-sections -static --specs=nano.specs -mfpu=fpv4-sp-d16 -mfloat-abi=hard -mthumb -Wl,--start-group -lc -lm -Wl,--end-group
Finished building target: 23_SPI_LIS302DL.elf
 
arm-none-eabi-size  23_SPI_LIS302DL.elf 
arm-none-eabi-objdump -h -S 23_SPI_LIS302DL.elf  > "23_SPI_LIS302DL.list"
   text	   data	    bss	    dec	    hex	filename
   9472	     12	   1668	  11152	   2b90	23_SPI_LIS302DL.elf
Finished building: default.size.stdout
 
Finished building: 23_SPI_LIS302DL.list
 
